<html>
<body>
<pre>
<h1>µVision Build Log</h1>
<h2>Tool Versions:</h2>
IDE-Version: ¶ÃVision V5.27.0.0
Copyright (C) 2018 ARM Ltd and ARM Germany GmbH. All rights reserved.
License Information: 1 1, 1, LIC=ZB4CX-HRMHH-IH28E-5M1RI-3VTYQ-2C10Z
 
Tool Versions:
Toolchain:       MDK-ARM Plus  Version: 5.27.0.0
Toolchain Path:  D:\Keil_v5\ARM\ARMCC\Bin
C Compiler:      Armcc.exe V5.06 update 6 (build 750)
Assembler:       Armasm.exe V5.06 update 6 (build 750)
Linker/Locator:  ArmLink.exe V5.06 update 6 (build 750)
Library Manager: ArmAr.exe V5.06 update 6 (build 750)
Hex Converter:   FromElf.exe V5.06 update 6 (build 750)
CPU DLL:         SARMCM3.DLL V5.27.0.0
Dialog DLL:      DCM.DLL V1.17.2.0
Target DLL:      STLink\ST-LINKIII-KEIL_SWO.dll V3.0.5.0
Dialog DLL:      TCM.DLL V1.36.1.0
 
<h2>Project:</h2>
C:\Users\Sheng\Desktop\Weigher\MDK-ARM\Weigher.uvprojx
Project File Date:  07/27/2025

<h2>Output:</h2>
*** Using Compiler 'V5.06 update 6 (build 750)', folder: 'D:\Keil_v5\ARM\ARMCC\Bin'
Build target 'Weigher'
compiling cs1237.c...
..\User\cs1237.c(97): warning:  #223-D: function "delay_us" declared implicitly
  		NOP40();
..\User\cs1237.c(102): warning:  #223-D: function "delay_us" declared implicitly
  	DAT_1;SCK_1;NOP30();SCK_0;NOP30();//30
..\User\cs1237.c(154): warning:  #223-D: function "delay_us" declared implicitly
  		One_CLK;
..\User\cs1237.c(156): warning:  #223-D: function "delay_us" declared implicitly
  	DAT_1;SCK_1;NOP30();SCK_0;NOP30();//30
..\User\cs1237.c(212): warning:  #223-D: function "delay_us" declared implicitly
  		NOP40();
..\User\cs1237.c(287): warning:  #111-D: statement is unreachable
  	Con_CS1237(RefOut_ON | SpeedSelct_640HZ | PGA_1 | CH_A);//ª÷∏¥≈‰÷√
..\User\cs1237.c(275): warning:  #177-D: variable "config"  was declared but never referenced
  	uint8_t config;
..\User\cs1237.c: 7 warnings, 0 errors
linking...
Program Size: Code=32922 RO-data=10898 RW-data=404 ZI-data=10860  
FromELF: creating hex file...
"Weigher\Weigher.axf" - 0 Error(s), 7 Warning(s).

<h2>Software Packages used:</h2>

Package Vendor: ARM
                http://www.keil.com/pack/ARM.CMSIS.5.9.0.pack
                ARM.CMSIS.5.9.0
                CMSIS (Common Microcontroller Software Interface Standard)
   * Component: CORE Version: 5.6.0

Package Vendor: Keil
                http://www.keil.com/pack/Keil.STM32F1xx_DFP.2.4.0.pack
                Keil.STM32F1xx_DFP.2.4.0
                STMicroelectronics STM32F1 Series Device Support, Drivers and Examples

<h2>Collection of Component include folders:</h2>
  .\RTE\_Weigher
  C:\Users\Sheng\AppData\Local\Arm\Packs\ARM\CMSIS\5.9.0\CMSIS\Core\Include
  C:\Users\Sheng\AppData\Local\Arm\Packs\Keil\STM32F1xx_DFP\2.4.0\Device\Include

<h2>Collection of Component Files used:</h2>

   * Component: ARM::CMSIS:CORE:5.6.0
      Include file:  CMSIS\Core\Include\tz_context.h
Build Time Elapsed:  00:00:03
</pre>
</body>
</html>
